// Jest Snapshot v1, https://goo.gl/fbAQLP

exports[`<HeroList/> test should render with given state from Redux store 1`] = `
<div>
  <h1>
    Didnt find hero with name : 
    <span
      className="error"
    />
  </h1>
  <a
    href="/main"
    onClick={[Function]}
  >
    <button
      className="waves-effect waves-light btn"
    >
       
      Go to main
       
    </button>
  </a>
</div>
`;
