// Jest Snapshot v1, https://goo.gl/fbAQLP

exports[`<HeroList/> test should render with given state from Redux store 1`] = `
Array [
  <h1>
     Heroes List
  </h1>,
  <a
    href="/main"
    onClick={[Function]}
  >
     
    <button
      className="waves-effect waves-light btn"
    >
       
      Dashboard
       
    </button>
  </a>,
  <ul>
    <div>
      <a
        href="/detailHero/Mock_1"
        onClick={[Function]}
      >
        <button
          className="waves-effect orange darken-1 btn list_btn"
        >
           
          0: Mock_1
           
        </button>
      </a>
      <button
        className="waves-effect red btn"
        onClick={[Function]}
      >
         
        x
         
      </button>
    </div>
  </ul>,
  <div>
    Add new hero
    <input
      id="add_input"
      onChange={[Function]}
      type="text"
    />
    <button
      className="waves-effect waves-light btn"
      id="add_btn"
      onClick={[Function]}
    >
       
      Add hero
       
    </button>
    <div>
      <strong>
         Choose universe: 
      </strong>
      <label>
        <input
          className="with-gap"
          id="rMarvel"
          name="group1"
          onChange={[Function]}
          type="radio"
          value="Marvel"
        />
        <span>
          Marvel
        </span>
      </label>
      <label>
        <input
          className="with-gap"
          id="rDC"
          name="group1"
          onChange={[Function]}
          type="radio"
          value="DC"
        />
        <span>
          DC
        </span>
      </label>
    </div>
    <div>
      <strong>
         Choose skills: 
      </strong>
      <label>
        <input
          className="with-gap"
          id="power_hit"
          onChange={[Function]}
          type="checkbox"
          value="Power Hit"
        />
        <span>
          Power Hit
        </span>
      </label>
      <label>
        <input
          className="with-gap"
          id="heal"
          onChange={[Function]}
          type="checkbox"
          value="Heal"
        />
        <span>
          Heal
        </span>
      </label>
    </div>
  </div>,
  <button
    className="waves-effect waves-light btn"
    onClick={[Function]}
  >
     
    Go back
     
  </button>,
]
`;
